\BOOKMARK [0][-]{chapter*.1}{\376\377\000A\000b\000s\000t\000r\000a\000c\000t}{}% 1
\BOOKMARK [1][-]{section*.2}{\376\377\000A\000b\000s\000t\000r\000a\000c\000t\000\040\000\050\000A\000r\000a\000b\000i\000c\000\051}{chapter*.1}% 2
\BOOKMARK [0][-]{chapter*.3}{\376\377\000A\000c\000k\000n\000o\000w\000l\000e\000d\000g\000m\000e\000n\000t}{}% 3
\BOOKMARK [0][-]{section*.4}{\376\377\000T\000a\000b\000l\000e\000\040\000o\000f\000\040\000C\000o\000n\000t\000e\000n\000t\000s}{}% 4
\BOOKMARK [0][-]{section*.5}{\376\377\000L\000i\000s\000t\000\040\000o\000f\000\040\000F\000i\000g\000u\000r\000e\000s}{}% 5
\BOOKMARK [0][-]{section*.6}{\376\377\000L\000i\000s\000t\000\040\000o\000f\000\040\000L\000i\000s\000t\000i\000n\000g\000s}{}% 6
\BOOKMARK [0][-]{section*.8}{\376\377\000L\000i\000s\000t\000\040\000o\000f\000\040\000T\000a\000b\000l\000e\000s}{}% 7
\BOOKMARK [0][-]{chapter*.9}{\376\377\000L\000i\000s\000t\000\040\000o\000f\000\040\000A\000b\000b\000r\000e\000v\000i\000a\000t\000i\000o\000n\000s}{}% 8
\BOOKMARK [0][-]{chapter*.10}{\376\377\000L\000i\000s\000t\000\040\000o\000f\000\040\000S\000y\000m\000b\000o\000l\000s}{}% 9
\BOOKMARK [0][-]{chapter*.11}{\376\377\000C\000o\000n\000t\000a\000c\000t\000s}{}% 10
\BOOKMARK [0][-]{chapter.1}{\376\377\000I\000n\000t\000r\000o\000d\000u\000c\000t\000i\000o\000n}{}% 11
\BOOKMARK [1][-]{section.1.1}{\376\377\000M\000o\000t\000i\000v\000a\000t\000i\000o\000n\000\040\000a\000n\000d\000\040\000J\000u\000s\000t\000i\000f\000i\000c\000a\000t\000i\000o\000n}{chapter.1}% 12
\BOOKMARK [2][-]{subsection.1.1.1}{\376\377\000T\000h\000e\000\040\000P\000o\000s\000t\000-\000C\000O\000V\000I\000D\000\040\000E\000-\000L\000e\000a\000r\000n\000i\000n\000g\000\040\000M\000a\000r\000k\000e\000t}{section.1.1}% 13
\BOOKMARK [2][-]{subsection.1.1.2}{\376\377\000F\000r\000a\000g\000m\000e\000n\000t\000a\000t\000i\000o\000n\000\040\000o\000f\000\040\000E\000x\000i\000s\000t\000i\000n\000g\000\040\000O\000p\000e\000n\000-\000S\000o\000u\000r\000c\000e\000\040\000a\000n\000d\000\040\000T\000e\000m\000p\000l\000a\000t\000e\000\040\000S\000o\000l\000u\000t\000i\000o\000n\000s}{section.1.1}% 14
\BOOKMARK [2][-]{subsection.1.1.3}{\376\377\000A\000r\000c\000h\000i\000t\000e\000c\000t\000u\000r\000a\000l\000\040\000C\000h\000a\000l\000l\000e\000n\000g\000e\000s\000\040\000F\000a\000c\000i\000n\000g\000\040\000E\000-\000L\000e\000a\000r\000n\000i\000n\000g\000\040\000B\000a\000c\000k\000e\000n\000d\000\040\000D\000e\000v\000e\000l\000o\000p\000e\000r\000s}{section.1.1}% 15
\BOOKMARK [2][-]{subsection.1.1.4}{\376\377\000T\000h\000e\000\040\000A\000I\000\040\000I\000m\000p\000e\000r\000a\000t\000i\000v\000e\000\040\000i\000n\000\040\000M\000o\000d\000e\000r\000n\000\040\000E\000-\000L\000e\000a\000r\000n\000i\000n\000g}{section.1.1}% 16
\BOOKMARK [2][-]{subsection.1.1.5}{\376\377\000J\000u\000s\000t\000i\000f\000i\000c\000a\000t\000i\000o\000n\000\040\000o\000f\000\040\000t\000h\000e\000\040\000N\000e\000x\000a\000L\000e\000a\000r\000n\000\040\000A\000p\000p\000r\000o\000a\000c\000h}{section.1.1}% 17
\BOOKMARK [1][-]{section.1.2}{\376\377\000P\000r\000o\000j\000e\000c\000t\000\040\000O\000b\000j\000e\000c\000t\000i\000v\000e\000s\000\040\000a\000n\000d\000\040\000P\000r\000o\000b\000l\000e\000m\000\040\000D\000e\000f\000i\000n\000i\000t\000i\000o\000n}{chapter.1}% 18
\BOOKMARK [2][-]{subsection.1.2.1}{\376\377\000P\000r\000o\000b\000l\000e\000m\000\040\000D\000e\000f\000i\000n\000i\000t\000i\000o\000n}{section.1.2}% 19
\BOOKMARK [2][-]{subsection.1.2.2}{\376\377\000P\000r\000o\000j\000e\000c\000t\000\040\000O\000b\000j\000e\000c\000t\000i\000v\000e\000s}{section.1.2}% 20
\BOOKMARK [1][-]{section.1.3}{\376\377\000P\000r\000o\000j\000e\000c\000t\000\040\000O\000u\000t\000c\000o\000m\000e\000s}{chapter.1}% 21
\BOOKMARK [2][-]{subsection.1.3.1}{\376\377\000P\000r\000i\000m\000a\000r\000y\000\040\000S\000o\000f\000t\000w\000a\000r\000e\000\040\000A\000r\000t\000e\000f\000a\000c\000t\000:\000\040\000N\000e\000s\000t\000J\000S\000\040\000R\000E\000S\000T\000\040\000A\000P\000I}{section.1.3}% 22
\BOOKMARK [2][-]{subsection.1.3.2}{\376\377\000P\000o\000s\000t\000g\000r\000e\000S\000Q\000L\000\040\000D\000a\000t\000a\000b\000a\000s\000e\000\040\000S\000c\000h\000e\000m\000a\000\040\000a\000n\000d\000\040\000M\000i\000g\000r\000a\000t\000i\000o\000n\000\040\000H\000i\000s\000t\000o\000r\000y}{section.1.3}% 23
\BOOKMARK [2][-]{subsection.1.3.3}{\376\377\000D\000e\000p\000l\000o\000y\000m\000e\000n\000t\000\040\000a\000n\000d\000\040\000O\000p\000e\000r\000a\000t\000i\000o\000n\000s\000\040\000S\000t\000a\000c\000k}{section.1.3}% 24
\BOOKMARK [2][-]{subsection.1.3.4}{\376\377\000O\000p\000e\000n\000A\000P\000I\000\040\000D\000o\000c\000u\000m\000e\000n\000t\000a\000t\000i\000o\000n\000\040\000a\000n\000d\000\040\000D\000e\000v\000e\000l\000o\000p\000e\000r\000\040\000E\000x\000p\000e\000r\000i\000e\000n\000c\000e}{section.1.3}% 25
\BOOKMARK [2][-]{subsection.1.3.5}{\376\377\000A\000u\000t\000o\000m\000a\000t\000e\000d\000\040\000T\000e\000s\000t\000\040\000S\000u\000i\000t\000e}{section.1.3}% 26
\BOOKMARK [2][-]{subsection.1.3.6}{\376\377\000A\000r\000c\000h\000i\000t\000e\000c\000t\000u\000r\000e\000\040\000a\000n\000d\000\040\000P\000r\000o\000j\000e\000c\000t\000\040\000D\000o\000c\000u\000m\000e\000n\000t\000a\000t\000i\000o\000n}{section.1.3}% 27
\BOOKMARK [2][-]{subsection.1.3.7}{\376\377\000Q\000u\000a\000n\000t\000i\000t\000a\000t\000i\000v\000e\000\040\000S\000u\000m\000m\000a\000r\000y\000\040\000o\000f\000\040\000D\000e\000l\000i\000v\000e\000r\000a\000b\000l\000e\000s}{section.1.3}% 28
\BOOKMARK [1][-]{section.1.4}{\376\377\000D\000o\000c\000u\000m\000e\000n\000t\000\040\000O\000r\000g\000a\000n\000i\000z\000a\000t\000i\000o\000n}{chapter.1}% 29
\BOOKMARK [2][-]{subsection.1.4.1}{\376\377\000C\000h\000a\000p\000t\000e\000r\000\040\0002\000:\000\040\000M\000a\000r\000k\000e\000t\000\040\000V\000i\000s\000i\000b\000i\000l\000i\000t\000y\000\040\000S\000t\000u\000d\000y}{section.1.4}% 30
\BOOKMARK [2][-]{subsection.1.4.2}{\376\377\000C\000h\000a\000p\000t\000e\000r\000\040\0003\000:\000\040\000L\000i\000t\000e\000r\000a\000t\000u\000r\000e\000\040\000S\000u\000r\000v\000e\000y}{section.1.4}% 31
\BOOKMARK [2][-]{subsection.1.4.3}{\376\377\000C\000h\000a\000p\000t\000e\000r\000\040\0004\000:\000\040\000S\000y\000s\000t\000e\000m\000\040\000D\000e\000s\000i\000g\000n\000\040\000a\000n\000d\000\040\000A\000r\000c\000h\000i\000t\000e\000c\000t\000u\000r\000e}{section.1.4}% 32
\BOOKMARK [2][-]{subsection.1.4.4}{\376\377\000C\000h\000a\000p\000t\000e\000r\000\040\0005\000:\000\040\000S\000y\000s\000t\000e\000m\000\040\000T\000e\000s\000t\000i\000n\000g\000\040\000a\000n\000d\000\040\000V\000e\000r\000i\000f\000i\000c\000a\000t\000i\000o\000n}{section.1.4}% 33
\BOOKMARK [2][-]{subsection.1.4.5}{\376\377\000C\000h\000a\000p\000t\000e\000r\000\040\0006\000:\000\040\000C\000o\000n\000c\000l\000u\000s\000i\000o\000n\000s\000\040\000a\000n\000d\000\040\000F\000u\000t\000u\000r\000e\000\040\000W\000o\000r\000k}{section.1.4}% 34
\BOOKMARK [2][-]{subsection.1.4.6}{\376\377\000R\000e\000f\000e\000r\000e\000n\000c\000e\000s\000\040\000a\000n\000d\000\040\000A\000p\000p\000e\000n\000d\000i\000c\000e\000s}{section.1.4}% 35
\BOOKMARK [2][-]{subsection.1.4.7}{\376\377\000R\000e\000a\000d\000i\000n\000g\000\040\000P\000a\000t\000h\000s\000\040\000f\000o\000r\000\040\000D\000i\000f\000f\000e\000r\000e\000n\000t\000\040\000A\000u\000d\000i\000e\000n\000c\000e\000s}{section.1.4}% 36
\BOOKMARK [0][-]{chapter.2}{\376\377\000M\000a\000r\000k\000e\000t\000\040\000V\000i\000s\000i\000b\000i\000l\000i\000t\000y\000\040\000S\000t\000u\000d\000y}{}% 37
\BOOKMARK [1][-]{section.2.1}{\376\377\000T\000a\000r\000g\000e\000t\000e\000d\000\040\000C\000u\000s\000t\000o\000m\000e\000r\000s}{chapter.2}% 38
\BOOKMARK [2][-]{subsection.2.1.1}{\376\377\000P\000r\000i\000m\000a\000r\000y\000\040\000S\000e\000g\000m\000e\000n\000t\000:\000\040\000E\000d\000T\000e\000c\000h\000\040\000S\000t\000a\000r\000t\000u\000p\000s\000\040\000a\000n\000d\000\040\000I\000n\000d\000e\000p\000e\000n\000d\000e\000n\000t\000\040\000D\000e\000v\000e\000l\000o\000p\000e\000r\000s}{section.2.1}% 39
\BOOKMARK [2][-]{subsection.2.1.2}{\376\377\000S\000e\000c\000o\000n\000d\000a\000r\000y\000\040\000S\000e\000g\000m\000e\000n\000t\000:\000\040\000U\000n\000i\000v\000e\000r\000s\000i\000t\000i\000e\000s\000\040\000a\000n\000d\000\040\000E\000d\000u\000c\000a\000t\000i\000o\000n\000a\000l\000\040\000I\000n\000s\000t\000i\000t\000u\000t\000i\000o\000n\000s}{section.2.1}% 40
\BOOKMARK [2][-]{subsection.2.1.3}{\376\377\000T\000e\000r\000t\000i\000a\000r\000y\000\040\000S\000e\000g\000m\000e\000n\000t\000:\000\040\000C\000o\000r\000p\000o\000r\000a\000t\000e\000\040\000T\000r\000a\000i\000n\000i\000n\000g\000\040\000a\000n\000d\000\040\000L\000\046\000D\000\040\000D\000e\000p\000a\000r\000t\000m\000e\000n\000t\000s}{section.2.1}% 41
\BOOKMARK [2][-]{subsection.2.1.4}{\376\377\000S\000e\000g\000m\000e\000n\000t\000\040\000P\000r\000i\000o\000r\000i\000t\000i\000s\000a\000t\000i\000o\000n\000\040\000a\000n\000d\000\040\000G\000o\000-\000t\000o\000-\000M\000a\000r\000k\000e\000t\000\040\000I\000m\000p\000l\000i\000c\000a\000t\000i\000o\000n\000s}{section.2.1}% 42
\BOOKMARK [1][-]{section.2.2}{\376\377\000M\000a\000r\000k\000e\000t\000\040\000S\000u\000r\000v\000e\000y}{chapter.2}% 43
\BOOKMARK [2][-]{subsection.2.2.1}{\376\377\000U\000d\000e\000m\000y\000\040\000f\000o\000r\000\040\000B\000u\000s\000i\000n\000e\000s\000s\000\040\000a\000n\000d\000\040\000U\000d\000e\000m\000y\000-\000L\000i\000k\000e\000\040\000M\000a\000r\000k\000e\000t\000p\000l\000a\000c\000e\000\040\000P\000l\000a\000t\000f\000o\000r\000m\000s}{section.2.2}% 44
\BOOKMARK [2][-]{subsection.2.2.2}{\376\377\000T\000e\000a\000c\000h\000a\000b\000l\000e\000\040\000a\000n\000d\000\040\000T\000h\000i\000n\000k\000i\000f\000i\000c}{section.2.2}% 45
\BOOKMARK [2][-]{subsection.2.2.3}{\376\377\000M\000o\000o\000d\000l\000e\000\040\000\050\000O\000p\000e\000n\000-\000S\000o\000u\000r\000c\000e\000\040\000L\000M\000S\000\051}{section.2.2}% 46
\BOOKMARK [2][-]{subsection.2.2.4}{\376\377\000C\000o\000u\000r\000s\000e\000r\000a\000\040\000f\000o\000r\000\040\000C\000a\000m\000p\000u\000s}{section.2.2}% 47
\BOOKMARK [2][-]{subsection.2.2.5}{\376\377\000L\000e\000a\000r\000n\000D\000a\000s\000h\000\040\000\050\000W\000o\000r\000d\000P\000r\000e\000s\000s\000\040\000L\000M\000S\000\040\000P\000l\000u\000g\000i\000n\000\051}{section.2.2}% 48
\BOOKMARK [2][-]{subsection.2.2.6}{\376\377\000C\000o\000m\000p\000e\000t\000i\000t\000i\000v\000e\000\040\000C\000o\000m\000p\000a\000r\000i\000s\000o\000n\000\040\000S\000u\000m\000m\000a\000r\000y}{section.2.2}% 49
\BOOKMARK [1][-]{section.2.3}{\376\377\000B\000u\000s\000i\000n\000e\000s\000s\000\040\000C\000a\000s\000e\000\040\000a\000n\000d\000\040\000F\000i\000n\000a\000n\000c\000i\000a\000l\000\040\000A\000n\000a\000l\000y\000s\000i\000s}{chapter.2}% 50
\BOOKMARK [2][-]{subsection.2.3.1}{\376\377\000B\000u\000s\000i\000n\000e\000s\000s\000\040\000C\000a\000s\000e\000\040\000a\000n\000d\000\040\000A\000d\000o\000p\000t\000i\000o\000n\000\040\000A\000s\000s\000u\000m\000p\000t\000i\000o\000n\000s}{section.2.3}% 51
\BOOKMARK [2][-]{subsection.2.3.2}{\376\377\000C\000a\000p\000i\000t\000a\000l\000\040\000E\000x\000p\000e\000n\000d\000i\000t\000u\000r\000e\000\040\000\050\000C\000a\000p\000e\000x\000\051}{section.2.3}% 52
\BOOKMARK [2][-]{subsection.2.3.3}{\376\377\000O\000p\000e\000r\000a\000t\000i\000n\000g\000\040\000E\000x\000p\000e\000n\000d\000i\000t\000u\000r\000e\000\040\000\050\000O\000p\000e\000x\000\051}{section.2.3}% 53
\BOOKMARK [2][-]{subsection.2.3.4}{\376\377\000R\000e\000v\000e\000n\000u\000e\000\040\000M\000o\000d\000e\000l\000\040\000a\000n\000d\000\040\000Y\000e\000a\000r\000\040\0001\000\040\000P\000r\000o\000j\000e\000c\000t\000i\000o\000n}{section.2.3}% 54
\BOOKMARK [2][-]{subsection.2.3.5}{\376\377\000T\000w\000e\000n\000t\000y\000-\000F\000o\000u\000r\000-\000M\000o\000n\000t\000h\000\040\000C\000a\000s\000h\000\040\000F\000l\000o\000w\000\040\000F\000o\000r\000e\000c\000a\000s\000t}{section.2.3}% 55
\BOOKMARK [2][-]{subsection.2.3.6}{\376\377\000B\000r\000e\000a\000k\000-\000E\000v\000e\000n\000\040\000A\000n\000a\000l\000y\000s\000i\000s}{section.2.3}% 56
\BOOKMARK [2][-]{subsection.2.3.7}{\376\377\000F\000i\000n\000a\000n\000c\000i\000a\000l\000\040\000C\000o\000n\000c\000l\000u\000s\000i\000o\000n\000s}{section.2.3}% 57
\BOOKMARK [0][-]{chapter.3}{\376\377\000L\000i\000t\000e\000r\000a\000t\000u\000r\000e\000\040\000S\000u\000r\000v\000e\000y}{}% 58
\BOOKMARK [1][-]{section.3.1}{\376\377\000B\000a\000c\000k\000g\000r\000o\000u\000n\000d\000\040\000o\000n\000\040\000D\000o\000m\000a\000i\000n\000-\000D\000r\000i\000v\000e\000n\000\040\000D\000e\000s\000i\000g\000n\000\040\000a\000n\000d\000\040\000C\000l\000e\000a\000n\000\040\000A\000r\000c\000h\000i\000t\000e\000c\000t\000u\000r\000e}{chapter.3}% 59
\BOOKMARK [2][-]{subsection.3.1.1}{\376\377\000D\000o\000m\000a\000i\000n\000-\000D\000r\000i\000v\000e\000n\000\040\000D\000e\000s\000i\000g\000n\000\040\000F\000u\000n\000d\000a\000m\000e\000n\000t\000a\000l\000s}{section.3.1}% 60
\BOOKMARK [2][-]{subsection.3.1.2}{\376\377\000C\000l\000e\000a\000n\000\040\000A\000r\000c\000h\000i\000t\000e\000c\000t\000u\000r\000e\000\040\000L\000a\000y\000e\000r\000s}{section.3.1}% 61
\BOOKMARK [2][-]{subsection.3.1.3}{\376\377\000A\000p\000p\000l\000i\000c\000a\000t\000i\000o\000n\000\040\000t\000o\000\040\000N\000e\000x\000a\000L\000e\000a\000r\000n\000'\000s\000\040\000B\000o\000u\000n\000d\000e\000d\000\040\000C\000o\000n\000t\000e\000x\000t\000s}{section.3.1}% 62
\BOOKMARK [1][-]{section.3.2}{\376\377\000B\000a\000c\000k\000g\000r\000o\000u\000n\000d\000\040\000o\000n\000\040\000E\000v\000e\000n\000t\000-\000D\000r\000i\000v\000e\000n\000\040\000A\000r\000c\000h\000i\000t\000e\000c\000t\000u\000r\000e\000\040\000a\000n\000d\000\040\000t\000h\000e\000\040\000O\000u\000t\000b\000o\000x\000\040\000P\000a\000t\000t\000e\000r\000n}{chapter.3}% 63
\BOOKMARK [2][-]{subsection.3.2.1}{\376\377\000E\000v\000e\000n\000t\000-\000D\000r\000i\000v\000e\000n\000\040\000A\000r\000c\000h\000i\000t\000e\000c\000t\000u\000r\000e\000\040\000i\000n\000\040\000D\000i\000s\000t\000r\000i\000b\000u\000t\000e\000d\000\040\000S\000y\000s\000t\000e\000m\000s}{section.3.2}% 64
\BOOKMARK [2][-]{subsection.3.2.2}{\376\377\000T\000h\000e\000\040\000T\000r\000a\000n\000s\000a\000c\000t\000i\000o\000n\000a\000l\000\040\000O\000u\000t\000b\000o\000x\000\040\000P\000a\000t\000t\000e\000r\000n}{section.3.2}% 65
\BOOKMARK [2][-]{subsection.3.2.3}{\376\377\000N\000e\000x\000a\000L\000e\000a\000r\000n\000'\000s\000\040\000O\000u\000t\000b\000o\000x\000\040\000I\000m\000p\000l\000e\000m\000e\000n\000t\000a\000t\000i\000o\000n}{section.3.2}% 66
\BOOKMARK [2][-]{subsection.3.2.4}{\376\377\000I\000d\000e\000m\000p\000o\000t\000e\000n\000c\000y\000\040\000a\000n\000d\000\040\000E\000x\000a\000c\000t\000l\000y\000-\000O\000n\000c\000e\000\040\000P\000r\000o\000c\000e\000s\000s\000i\000n\000g}{section.3.2}% 67
\BOOKMARK [2][-]{subsection.3.2.5}{\376\377\000C\000Q\000R\000S\000-\000L\000i\000t\000e\000\040\000R\000e\000a\000d\000\040\000M\000o\000d\000e\000l\000s}{section.3.2}% 68
\BOOKMARK [1][-]{section.3.3}{\376\377\000B\000a\000c\000k\000g\000r\000o\000u\000n\000d\000\040\000o\000n\000\040\000A\000I\000\040\000i\000n\000\040\000E\000-\000L\000e\000a\000r\000n\000i\000n\000g}{chapter.3}% 69
\BOOKMARK [2][-]{subsection.3.3.1}{\376\377\000O\000p\000e\000n\000A\000I\000\040\000W\000h\000i\000s\000p\000e\000r\000\040\000f\000o\000r\000\040\000S\000p\000e\000e\000c\000h\000\040\000R\000e\000c\000o\000g\000n\000i\000t\000i\000o\000n}{section.3.3}% 70
\BOOKMARK [2][-]{subsection.3.3.2}{\376\377\000L\000L\000M\000-\000B\000a\000s\000e\000d\000\040\000Q\000u\000i\000z\000\040\000G\000e\000n\000e\000r\000a\000t\000i\000o\000n}{section.3.3}% 71
\BOOKMARK [2][-]{subsection.3.3.3}{\376\377\000H\000M\000A\000C\000-\000S\000i\000g\000n\000e\000d\000\040\000C\000a\000l\000l\000b\000a\000c\000k\000\040\000A\000u\000t\000h\000e\000n\000t\000i\000c\000a\000t\000i\000o\000n}{section.3.3}% 72
\BOOKMARK [1][-]{section.3.4}{\376\377\000B\000a\000c\000k\000g\000r\000o\000u\000n\000d\000\040\000o\000n\000\040\000V\000i\000d\000e\000o\000\040\000S\000t\000r\000e\000a\000m\000i\000n\000g\000\040\000T\000e\000c\000h\000n\000o\000l\000o\000g\000y}{chapter.3}% 73
\BOOKMARK [2][-]{subsection.3.4.1}{\376\377\000H\000T\000T\000P\000\040\000L\000i\000v\000e\000\040\000S\000t\000r\000e\000a\000m\000i\000n\000g\000\040\000\050\000H\000L\000S\000\051}{section.3.4}% 74
\BOOKMARK [2][-]{subsection.3.4.2}{\376\377\000M\000u\000x\000\040\000V\000i\000d\000e\000o\000\040\000P\000l\000a\000t\000f\000o\000r\000m}{section.3.4}% 75
\BOOKMARK [2][-]{subsection.3.4.3}{\376\377\000V\000i\000d\000e\000o\000\040\000A\000s\000s\000e\000t\000\040\000L\000i\000f\000e\000c\000y\000c\000l\000e\000\040\000i\000n\000\040\000N\000e\000x\000a\000L\000e\000a\000r\000n}{section.3.4}% 76
\BOOKMARK [2][-]{subsection.3.4.4}{\376\377\000M\000P\0004\000\040\000R\000e\000n\000d\000i\000t\000i\000o\000n\000s\000\040\000f\000o\000r\000\040\000t\000h\000e\000\040\000A\000I\000\040\000P\000i\000p\000e\000l\000i\000n\000e}{section.3.4}% 77
\BOOKMARK [1][-]{section.3.5}{\376\377\000C\000o\000m\000p\000a\000r\000a\000t\000i\000v\000e\000\040\000S\000t\000u\000d\000y\000\040\000o\000f\000\040\000P\000r\000e\000v\000i\000o\000u\000s\000\040\000W\000o\000r\000k}{chapter.3}% 78
\BOOKMARK [2][-]{subsection.3.5.1}{\376\377\000D\000o\000s\000s\000e\000n\000a\000\040\000e\000t\000\040\000a\000l\000.\000\040\000\050\0002\0000\0002\0002\000\051\000\040\040\024\000\040\000D\000D\000D\000\040\000i\000n\000\040\000E\000-\000L\000e\000a\000r\000n\000i\000n\000g\000\040\000P\000l\000a\000t\000f\000o\000r\000m\000s}{section.3.5}% 79
\BOOKMARK [2][-]{subsection.3.5.2}{\376\377\000Y\000a\000n\000g\000\040\000e\000t\000\040\000a\000l\000.\000\040\000\050\0002\0000\0002\0003\000\051\000\040\040\024\000\040\000M\000i\000c\000r\000o\000s\000e\000r\000v\000i\000c\000e\000s\000\040\000f\000o\000r\000\040\000E\000-\000L\000e\000a\000r\000n\000i\000n\000g}{section.3.5}% 80
\BOOKMARK [2][-]{subsection.3.5.3}{\376\377\000K\000u\000m\000a\000r\000\040\000e\000t\000\040\000a\000l\000.\000\040\000\050\0002\0000\0002\0003\000\051\000\040\040\024\000\040\000L\000L\000M\000\040\000Q\000u\000i\000z\000\040\000G\000e\000n\000e\000r\000a\000t\000i\000o\000n}{section.3.5}% 81
\BOOKMARK [2][-]{subsection.3.5.4}{\376\377\000M\000e\000h\000t\000a\000\040\000e\000t\000\040\000a\000l\000.\000\040\000\050\0002\0000\0002\0003\000\051\000\040\040\024\000\040\000E\000v\000e\000n\000t\000-\000D\000r\000i\000v\000e\000n\000\040\000E\000d\000u\000c\000a\000t\000i\000o\000n\000a\000l\000\040\000A\000n\000a\000l\000y\000t\000i\000c\000s}{section.3.5}% 82
\BOOKMARK [2][-]{subsection.3.5.5}{\376\377\000S\000y\000n\000t\000h\000e\000s\000i\000s\000\040\000a\000n\000d\000\040\000G\000a\000p\000\040\000A\000n\000a\000l\000y\000s\000i\000s}{section.3.5}% 83
\BOOKMARK [1][-]{section.3.6}{\376\377\000I\000m\000p\000l\000e\000m\000e\000n\000t\000e\000d\000\040\000A\000p\000p\000r\000o\000a\000c\000h\000\040\000a\000n\000d\000\040\000J\000u\000s\000t\000i\000f\000i\000c\000a\000t\000i\000o\000n}{chapter.3}% 84
\BOOKMARK [2][-]{subsection.3.6.1}{\376\377\000F\000r\000a\000m\000e\000w\000o\000r\000k\000\040\000S\000e\000l\000e\000c\000t\000i\000o\000n\000:\000\040\000N\000e\000s\000t\000J\000S\000\040\000o\000v\000e\000r\000\040\000S\000p\000r\000i\000n\000g\000\040\000B\000o\000o\000t\000\040\000a\000n\000d\000\040\000D\000j\000a\000n\000g\000o}{section.3.6}% 85
\BOOKMARK [2][-]{subsection.3.6.2}{\376\377\000O\000R\000M\000\040\000S\000e\000l\000e\000c\000t\000i\000o\000n\000:\000\040\000P\000r\000i\000s\000m\000a\000\040\000o\000v\000e\000r\000\040\000T\000y\000p\000e\000O\000R\000M}{section.3.6}% 86
\BOOKMARK [2][-]{subsection.3.6.3}{\376\377\000T\000r\000a\000n\000s\000a\000c\000t\000i\000o\000n\000a\000l\000\040\000O\000u\000t\000b\000o\000x\000\040\000o\000v\000e\000r\000\040\000D\000i\000r\000e\000c\000t\000\040\000M\000e\000s\000s\000a\000g\000e\000\040\000Q\000u\000e\000u\000e\000\040\000P\000u\000b\000l\000i\000c\000a\000t\000i\000o\000n}{section.3.6}% 87
\BOOKMARK [2][-]{subsection.3.6.4}{\376\377\000M\000o\000d\000u\000l\000a\000r\000\040\000M\000o\000n\000o\000l\000i\000t\000h\000\040\000o\000v\000e\000r\000\040\000M\000i\000c\000r\000o\000s\000e\000r\000v\000i\000c\000e\000s}{section.3.6}% 88
\BOOKMARK [2][-]{subsection.3.6.5}{\376\377\000S\000u\000m\000m\000a\000r\000y\000\040\000o\000f\000\040\000A\000r\000c\000h\000i\000t\000e\000c\000t\000u\000r\000a\000l\000\040\000D\000e\000c\000i\000s\000i\000o\000n\000s}{section.3.6}% 89
\BOOKMARK [0][-]{chapter.4}{\376\377\000S\000y\000s\000t\000e\000m\000\040\000D\000e\000s\000i\000g\000n\000\040\000a\000n\000d\000\040\000A\000r\000c\000h\000i\000t\000e\000c\000t\000u\000r\000e}{}% 90
\BOOKMARK [1][-]{section.4.1}{\376\377\000O\000v\000e\000r\000v\000i\000e\000w\000\040\000a\000n\000d\000\040\000A\000s\000s\000u\000m\000p\000t\000i\000o\000n\000s}{chapter.4}% 91
\BOOKMARK [1][-]{section.4.2}{\376\377\000S\000y\000s\000t\000e\000m\000\040\000A\000r\000c\000h\000i\000t\000e\000c\000t\000u\000r\000e}{chapter.4}% 92
\BOOKMARK [2][-]{subsection.4.2.1}{\376\377\000H\000i\000g\000h\000-\000L\000e\000v\000e\000l\000\040\000A\000r\000c\000h\000i\000t\000e\000c\000t\000u\000r\000e\000\040\000B\000l\000o\000c\000k\000\040\000D\000i\000a\000g\000r\000a\000m}{section.4.2}% 93
\BOOKMARK [2][-]{subsection.4.2.2}{\376\377\000M\000o\000d\000u\000l\000e\000\040\000D\000e\000p\000e\000n\000d\000e\000n\000c\000y\000\040\000G\000r\000a\000p\000h}{section.4.2}% 94
\BOOKMARK [2][-]{subsection.4.2.3}{\376\377\000M\000o\000d\000u\000l\000e\000\040\000S\000u\000m\000m\000a\000r\000y}{section.4.2}% 95
\BOOKMARK [2][-]{subsection.4.2.4}{\376\377\000E\000n\000t\000i\000t\000y\000-\000R\000e\000l\000a\000t\000i\000o\000n\000s\000h\000i\000p\000\040\000D\000i\000a\000g\000r\000a\000m}{section.4.2}% 96
\BOOKMARK [1][-]{section.4.3}{\376\377\000A\000u\000t\000h\000e\000n\000t\000i\000c\000a\000t\000i\000o\000n\000\040\000a\000n\000d\000\040\000S\000e\000s\000s\000i\000o\000n\000\040\000M\000a\000n\000a\000g\000e\000m\000e\000n\000t\000\040\000M\000o\000d\000u\000l\000e}{chapter.4}% 97
\BOOKMARK [2][-]{subsection.4.3.1}{\376\377\000F\000u\000n\000c\000t\000i\000o\000n\000a\000l\000\040\000D\000e\000s\000c\000r\000i\000p\000t\000i\000o\000n}{section.4.3}% 98
\BOOKMARK [2][-]{subsection.4.3.2}{\376\377\000J\000W\000T\000\040\000T\000o\000k\000e\000n\000\040\000A\000r\000c\000h\000i\000t\000e\000c\000t\000u\000r\000e}{section.4.3}% 99
\BOOKMARK [2][-]{subsection.4.3.3}{\376\377\000R\000e\000d\000i\000s\000\040\000S\000e\000s\000s\000i\000o\000n\000\040\000S\000t\000o\000r\000e\000\040\000D\000e\000s\000i\000g\000n}{section.4.3}% 100
\BOOKMARK [2][-]{subsection.4.3.4}{\376\377\000R\000e\000f\000r\000e\000s\000h\000\040\000T\000o\000k\000e\000n\000\040\000R\000o\000t\000a\000t\000i\000o\000n\000\040\000a\000n\000d\000\040\000R\000e\000u\000s\000e\000\040\000D\000e\000t\000e\000c\000t\000i\000o\000n}{section.4.3}% 101
\BOOKMARK [1][-]{section.4.4}{\376\377\000C\000o\000u\000r\000s\000e\000\040\000M\000a\000n\000a\000g\000e\000m\000e\000n\000t\000\040\000M\000o\000d\000u\000l\000e}{chapter.4}% 102
\BOOKMARK [2][-]{subsection.4.4.1}{\376\377\000F\000u\000n\000c\000t\000i\000o\000n\000a\000l\000\040\000D\000e\000s\000c\000r\000i\000p\000t\000i\000o\000n}{section.4.4}% 103
\BOOKMARK [2][-]{subsection.4.4.2}{\376\377\000D\000D\000D\000\040\000A\000g\000g\000r\000e\000g\000a\000t\000e\000\040\000D\000e\000s\000i\000g\000n\000:\000\040\000C\000o\000u\000r\000s\000e\040\023\000M\000o\000d\000u\000l\000e\040\023\000L\000e\000s\000s\000o\000n\000\040\000H\000i\000e\000r\000a\000r\000c\000h\000y}{section.4.4}% 104
\BOOKMARK [2][-]{subsection.4.4.3}{\376\377\000O\000p\000t\000i\000m\000i\000s\000t\000i\000c\000\040\000C\000o\000n\000c\000u\000r\000r\000e\000n\000c\000y\000\040\000C\000o\000n\000t\000r\000o\000l}{section.4.4}% 105
\BOOKMARK [2][-]{subsection.4.4.4}{\376\377\000I\000d\000e\000m\000p\000o\000t\000e\000n\000c\000y\000\040\000f\000o\000r\000\040\000L\000e\000s\000s\000o\000n\000\040\000a\000n\000d\000\040\000M\000o\000d\000u\000l\000e\000\040\000O\000p\000e\000r\000a\000t\000i\000o\000n\000s}{section.4.4}% 106
\BOOKMARK [1][-]{section.4.5}{\376\377\000M\000e\000d\000i\000a\000\040\000a\000n\000d\000\040\000V\000i\000d\000e\000o\000\040\000P\000r\000o\000c\000e\000s\000s\000i\000n\000g\000\040\000M\000o\000d\000u\000l\000e}{chapter.4}% 107
\BOOKMARK [2][-]{subsection.4.5.1}{\376\377\000F\000u\000n\000c\000t\000i\000o\000n\000a\000l\000\040\000D\000e\000s\000c\000r\000i\000p\000t\000i\000o\000n}{section.4.5}% 108
\BOOKMARK [2][-]{subsection.4.5.2}{\376\377\000M\000u\000x\000\040\000I\000n\000t\000e\000g\000r\000a\000t\000i\000o\000n\000\040\000a\000n\000d\000\040\000V\000i\000d\000e\000o\000A\000s\000s\000e\000t\000\040\000S\000t\000a\000t\000e\000\040\000M\000a\000c\000h\000i\000n\000e}{section.4.5}% 109
\BOOKMARK [2][-]{subsection.4.5.3}{\376\377\000S\000i\000g\000n\000e\000d\000\040\000P\000l\000a\000y\000b\000a\000c\000k\000\040\000U\000R\000L\000\040\000G\000e\000n\000e\000r\000a\000t\000i\000o\000n}{section.4.5}% 110
\BOOKMARK [1][-]{section.4.6}{\376\377\000A\000I\000\040\000P\000i\000p\000e\000l\000i\000n\000e\000\040\000I\000n\000t\000e\000g\000r\000a\000t\000i\000o\000n\000\040\000M\000o\000d\000u\000l\000e}{chapter.4}% 111
\BOOKMARK [2][-]{subsection.4.6.1}{\376\377\000F\000u\000n\000c\000t\000i\000o\000n\000a\000l\000\040\000D\000e\000s\000c\000r\000i\000p\000t\000i\000o\000n}{section.4.6}% 112
\BOOKMARK [2][-]{subsection.4.6.2}{\376\377\000H\000M\000A\000C\000\040\000S\000i\000g\000n\000a\000t\000u\000r\000e\000\040\000V\000e\000r\000i\000f\000i\000c\000a\000t\000i\000o\000n}{section.4.6}% 113
\BOOKMARK [2][-]{subsection.4.6.3}{\376\377\000H\000a\000n\000d\000l\000e\000G\000e\000n\000e\000r\000a\000t\000i\000o\000n\000C\000a\000l\000l\000b\000a\000c\000k\000U\000s\000e\000C\000a\000s\000e\000\040\040\024\000\040\000E\000x\000a\000c\000t\000l\000y\000-\000O\000n\000c\000e\000\040\000P\000r\000o\000c\000e\000s\000s\000i\000n\000g}{section.4.6}% 114
\BOOKMARK [2][-]{subsection.4.6.4}{\376\377\000Q\000u\000i\000z\000\040\000R\000e\000v\000i\000e\000w\000\040\000W\000o\000r\000k\000f\000l\000o\000w}{section.4.6}% 115
\BOOKMARK [1][-]{section.4.7}{\376\377\000A\000s\000s\000e\000s\000s\000m\000e\000n\000t\000\040\000a\000n\000d\000\040\000Q\000u\000i\000z\000\040\000M\000o\000d\000u\000l\000e}{chapter.4}% 116
\BOOKMARK [2][-]{subsection.4.7.1}{\376\377\000F\000u\000n\000c\000t\000i\000o\000n\000a\000l\000\040\000D\000e\000s\000c\000r\000i\000p\000t\000i\000o\000n}{section.4.7}% 117
\BOOKMARK [2][-]{subsection.4.7.2}{\376\377\000Q\000u\000i\000z\000\040\000A\000u\000t\000h\000o\000r\000i\000n\000g\000\040\000A\000g\000g\000r\000e\000g\000a\000t\000e}{section.4.7}% 118
\BOOKMARK [2][-]{subsection.4.7.3}{\376\377\000Q\000u\000i\000z\000\040\000A\000t\000t\000e\000m\000p\000t\000\040\000L\000i\000f\000e\000c\000y\000c\000l\000e}{section.4.7}% 119
\BOOKMARK [2][-]{subsection.4.7.4}{\376\377\000A\000s\000y\000n\000c\000h\000r\000o\000n\000o\000u\000s\000\040\000S\000h\000o\000r\000t\000-\000A\000n\000s\000w\000e\000r\000\040\000G\000r\000a\000d\000i\000n\000g}{section.4.7}% 120
\BOOKMARK [1][-]{section.4.8}{\376\377\000P\000a\000y\000m\000e\000n\000t\000\040\000M\000o\000d\000u\000l\000e}{chapter.4}% 121
\BOOKMARK [2][-]{subsection.4.8.1}{\376\377\000F\000u\000n\000c\000t\000i\000o\000n\000a\000l\000\040\000D\000e\000s\000c\000r\000i\000p\000t\000i\000o\000n}{section.4.8}% 122
\BOOKMARK [2][-]{subsection.4.8.2}{\376\377\000S\000t\000r\000i\000p\000e\000\040\000I\000n\000t\000e\000g\000r\000a\000t\000i\000o\000n\000\040\000a\000n\000d\000\040\000W\000e\000b\000h\000o\000o\000k\000\040\000H\000a\000n\000d\000l\000i\000n\000g}{section.4.8}% 123
\BOOKMARK [2][-]{subsection.4.8.3}{\376\377\000P\000a\000y\000m\000e\000n\000t\000\040\000I\000n\000t\000e\000n\000t\000\040\000S\000t\000a\000t\000e\000\040\000M\000a\000c\000h\000i\000n\000e}{section.4.8}% 124
\BOOKMARK [2][-]{subsection.4.8.4}{\376\377\000R\000e\000c\000o\000n\000c\000i\000l\000i\000a\000t\000i\000o\000n\000\040\000a\000n\000d\000\040\000E\000x\000p\000i\000r\000a\000t\000i\000o\000n\000\040\000S\000e\000r\000v\000i\000c\000e\000s}{section.4.8}% 125
\BOOKMARK [1][-]{section.4.9}{\376\377\000E\000n\000r\000o\000l\000l\000m\000e\000n\000t\000\040\000M\000o\000d\000u\000l\000e}{chapter.4}% 126
\BOOKMARK [2][-]{subsection.4.9.1}{\376\377\000F\000r\000e\000e\000\040\000v\000s\000.\000\040\000P\000a\000i\000d\000\040\000E\000n\000r\000o\000l\000l\000m\000e\000n\000t\000\040\000F\000l\000o\000w}{section.4.9}% 127
\BOOKMARK [2][-]{subsection.4.9.2}{\376\377\000I\000d\000e\000m\000p\000o\000t\000e\000n\000c\000y\000\040\000a\000n\000d\000\040\000C\000o\000n\000c\000u\000r\000r\000e\000n\000t\000\040\000E\000n\000r\000o\000l\000l\000m\000e\000n\000t\000\040\000P\000r\000o\000t\000e\000c\000t\000i\000o\000n}{section.4.9}% 128
\BOOKMARK [1][-]{section.4.10}{\376\377\000D\000i\000s\000c\000u\000s\000s\000i\000o\000n\000\040\000a\000n\000d\000\040\000Q\000\046\000A\000\040\000M\000o\000d\000u\000l\000e}{chapter.4}% 129
\BOOKMARK [2][-]{subsection.4.10.1}{\376\377\000T\000h\000r\000e\000a\000d\000\040\000a\000n\000d\000\040\000P\000o\000s\000t\000\040\000A\000g\000g\000r\000e\000g\000a\000t\000e\000\040\000D\000e\000s\000i\000g\000n}{section.4.10}% 130
\BOOKMARK [2][-]{subsection.4.10.2}{\376\377\000I\000n\000s\000t\000r\000u\000c\000t\000o\000r\000\040\000R\000e\000p\000l\000y\000\040\000N\000o\000t\000i\000f\000i\000c\000a\000t\000i\000o\000n\000s}{section.4.10}% 131
\BOOKMARK [1][-]{section.4.11}{\376\377\000S\000e\000c\000u\000r\000i\000t\000y\000\040\000D\000e\000s\000i\000g\000n}{chapter.4}% 132
\BOOKMARK [2][-]{subsection.4.11.1}{\376\377\000H\000M\000A\000C\000\040\000S\000e\000r\000v\000i\000c\000e\000-\000t\000o\000-\000S\000e\000r\000v\000i\000c\000e\000\040\000A\000u\000t\000h\000e\000n\000t\000i\000c\000a\000t\000i\000o\000n}{section.4.11}% 133
\BOOKMARK [2][-]{subsection.4.11.2}{\376\377\000R\000a\000t\000e\000\040\000L\000i\000m\000i\000t\000i\000n\000g}{section.4.11}% 134
\BOOKMARK [2][-]{subsection.4.11.3}{\376\377\000A\000u\000d\000i\000t\000\040\000L\000o\000g\000g\000i\000n\000g}{section.4.11}% 135
\BOOKMARK [0][-]{chapter.5}{\376\377\000S\000y\000s\000t\000e\000m\000\040\000T\000e\000s\000t\000i\000n\000g\000\040\000a\000n\000d\000\040\000V\000a\000l\000i\000d\000a\000t\000i\000o\000n}{}% 136
\BOOKMARK [1][-]{section.5.1}{\376\377\000T\000e\000s\000t\000i\000n\000g\000\040\000S\000e\000t\000u\000p}{chapter.5}% 137
\BOOKMARK [2][-]{subsection.5.1.1}{\376\377\000R\000u\000n\000t\000i\000m\000e\000\040\000a\000n\000d\000\040\000T\000o\000o\000l\000c\000h\000a\000i\000n}{section.5.1}% 138
\BOOKMARK [2][-]{subsection.5.1.2}{\376\377\000T\000e\000s\000t\000\040\000E\000n\000v\000i\000r\000o\000n\000m\000e\000n\000t\000\040\000C\000o\000n\000f\000i\000g\000u\000r\000a\000t\000i\000o\000n}{section.5.1}% 139
\BOOKMARK [2][-]{subsection.5.1.3}{\376\377\000T\000e\000s\000t\000c\000o\000n\000t\000a\000i\000n\000e\000r\000s\000\040\000I\000n\000t\000e\000g\000r\000a\000t\000i\000o\000n}{section.5.1}% 140
\BOOKMARK [2][-]{subsection.5.1.4}{\376\377\000H\000T\000T\000P\000\040\000A\000s\000s\000e\000r\000t\000i\000o\000n\000s}{section.5.1}% 141
\BOOKMARK [1][-]{section.5.2}{\376\377\000T\000e\000s\000t\000i\000n\000g\000\040\000P\000l\000a\000n\000\040\000a\000n\000d\000\040\000S\000t\000r\000a\000t\000e\000g\000y}{chapter.5}% 142
\BOOKMARK [2][-]{subsection.5.2.1}{\376\377\000T\000e\000s\000t\000i\000n\000g\000\040\000P\000r\000i\000n\000c\000i\000p\000l\000e\000s}{section.5.2}% 143
\BOOKMARK [2][-]{subsection.5.2.2}{\376\377\000T\000e\000s\000t\000\040\000P\000y\000r\000a\000m\000i\000d\000\040\000D\000i\000s\000t\000r\000i\000b\000u\000t\000i\000o\000n}{section.5.2}% 144
\BOOKMARK [2][-]{subsection.5.2.3}{\376\377\000U\000n\000i\000t\000\040\000T\000e\000s\000t\000i\000n\000g}{section.5.2}% 145
\BOOKMARK [2][-]{subsection.5.2.4}{\376\377\000I\000n\000t\000e\000g\000r\000a\000t\000i\000o\000n\000\040\000T\000e\000s\000t\000i\000n\000g}{section.5.2}% 146
\BOOKMARK [2][-]{subsection.5.2.5}{\376\377\000E\000n\000d\000-\000t\000o\000-\000E\000n\000d\000\040\000T\000e\000s\000t\000i\000n\000g}{section.5.2}% 147
\BOOKMARK [1][-]{section.5.3}{\376\377\000T\000e\000s\000t\000\040\000S\000c\000h\000e\000d\000u\000l\000e}{chapter.5}% 148
\BOOKMARK [1][-]{section.5.4}{\376\377\000C\000o\000m\000p\000a\000r\000a\000t\000i\000v\000e\000\040\000R\000e\000s\000u\000l\000t\000s\000\040\000t\000o\000\040\000P\000r\000e\000v\000i\000o\000u\000s\000\040\000W\000o\000r\000k}{chapter.5}% 149
\BOOKMARK [2][-]{subsection.5.4.1}{\376\377\000K\000e\000y\000\040\000F\000i\000n\000d\000i\000n\000g\000s}{section.5.4}% 150
\BOOKMARK [2][-]{subsection.5.4.2}{\376\377\000L\000i\000m\000i\000t\000a\000t\000i\000o\000n\000s\000\040\000o\000f\000\040\000t\000h\000e\000\040\000C\000o\000m\000p\000a\000r\000i\000s\000o\000n}{section.5.4}% 151
\BOOKMARK [0][-]{chapter.6}{\376\377\000C\000o\000n\000c\000l\000u\000s\000i\000o\000n\000s\000\040\000a\000n\000d\000\040\000F\000u\000t\000u\000r\000e\000\040\000W\000o\000r\000k}{}% 152
\BOOKMARK [1][-]{section.6.1}{\376\377\000F\000a\000c\000e\000d\000\040\000C\000h\000a\000l\000l\000e\000n\000g\000e\000s}{chapter.6}% 153
\BOOKMARK [2][-]{subsection.6.1.1}{\376\377\000D\000u\000a\000l\000-\000W\000r\000i\000t\000e\000\040\000P\000r\000o\000b\000l\000e\000m\000\040\000i\000n\000\040\000E\000v\000e\000n\000t\000\040\000P\000u\000b\000l\000i\000s\000h\000i\000n\000g}{section.6.1}% 154
\BOOKMARK [2][-]{subsection.6.1.2}{\376\377\000B\000i\000g\000I\000n\000t\000\040\000S\000e\000r\000i\000a\000l\000i\000s\000a\000t\000i\000o\000n\000\040\000i\000n\000\040\000J\000S\000O\000N}{section.6.1}% 155
\BOOKMARK [2][-]{subsection.6.1.3}{\376\377\000O\000p\000t\000i\000m\000i\000s\000t\000i\000c\000\040\000C\000o\000n\000c\000u\000r\000r\000e\000n\000c\000y\000\040\000C\000o\000n\000f\000l\000i\000c\000t\000s\000\040\000i\000n\000\040\000C\000o\000u\000r\000s\000e\000\040\000M\000u\000t\000a\000t\000i\000o\000n\000s}{section.6.1}% 156
\BOOKMARK [2][-]{subsection.6.1.4}{\376\377\000A\000I\000\040\000P\000i\000p\000e\000l\000i\000n\000e\000\040\000C\000a\000l\000l\000b\000a\000c\000k\000\040\000I\000d\000e\000m\000p\000o\000t\000e\000n\000c\000y}{section.6.1}% 157
\BOOKMARK [2][-]{subsection.6.1.5}{\376\377\000C\000r\000o\000s\000s\000-\000B\000o\000u\000n\000d\000e\000d\000-\000C\000o\000n\000t\000e\000x\000t\000\040\000C\000o\000m\000m\000u\000n\000i\000c\000a\000t\000i\000o\000n\000\040\000W\000i\000t\000h\000o\000u\000t\000\040\000T\000i\000g\000h\000t\000\040\000C\000o\000u\000p\000l\000i\000n\000g}{section.6.1}% 158
\BOOKMARK [2][-]{subsection.6.1.6}{\376\377\000R\000e\000f\000r\000e\000s\000h\000\040\000T\000o\000k\000e\000n\000\040\000R\000e\000u\000s\000e\000\040\000D\000e\000t\000e\000c\000t\000i\000o\000n\000\040\000U\000n\000d\000e\000r\000\040\000C\000o\000n\000c\000u\000r\000r\000e\000n\000t\000\040\000R\000e\000q\000u\000e\000s\000t\000s}{section.6.1}% 159
\BOOKMARK [2][-]{subsection.6.1.7}{\376\377\000S\000t\000r\000i\000p\000e\000\040\000W\000e\000b\000h\000o\000o\000k\000\040\000E\000x\000a\000c\000t\000l\000y\000-\000O\000n\000c\000e\000\040\000P\000r\000o\000c\000e\000s\000s\000i\000n\000g}{section.6.1}% 160
\BOOKMARK [2][-]{subsection.6.1.8}{\376\377\000V\000i\000d\000e\000o\000\040\000M\000P\0004\000\040\000R\000e\000n\000d\000i\000t\000i\000o\000n\000\040\000T\000i\000m\000i\000n\000g}{section.6.1}% 161
\BOOKMARK [2][-]{subsection.6.1.9}{\376\377\000R\000a\000t\000e\000\040\000L\000i\000m\000i\000t\000i\000n\000g\000\040\000S\000t\000a\000t\000e\000\040\000A\000c\000r\000o\000s\000s\000\040\000M\000u\000l\000t\000i\000p\000l\000e\000\040\000I\000n\000s\000t\000a\000n\000c\000e\000s}{section.6.1}% 162
\BOOKMARK [2][-]{subsection.6.1.10}{\376\377\000C\000o\000m\000p\000l\000e\000x\000\040\000Q\000u\000i\000z\000\040\000G\000r\000a\000d\000i\000n\000g\000\040\000w\000i\000t\000h\000\040\000A\000s\000y\000n\000c\000\040\000S\000h\000o\000r\000t\000-\000A\000n\000s\000w\000e\000r\000\040\000Q\000u\000e\000s\000t\000i\000o\000n\000s}{section.6.1}% 163
\BOOKMARK [1][-]{section.6.2}{\376\377\000G\000a\000i\000n\000e\000d\000\040\000E\000x\000p\000e\000r\000i\000e\000n\000c\000e}{chapter.6}% 164
\BOOKMARK [2][-]{subsection.6.2.1}{\376\377\000D\000o\000m\000a\000i\000n\000-\000D\000r\000i\000v\000e\000n\000\040\000D\000e\000s\000i\000g\000n\000\040\000i\000n\000\040\000P\000r\000a\000c\000t\000i\000c\000e}{section.6.2}% 165
\BOOKMARK [2][-]{subsection.6.2.2}{\376\377\000E\000v\000e\000n\000t\000-\000D\000r\000i\000v\000e\000n\000\040\000A\000r\000c\000h\000i\000t\000e\000c\000t\000u\000r\000e\000\040\000a\000n\000d\000\040\000R\000e\000l\000i\000a\000b\000l\000e\000\040\000M\000e\000s\000s\000a\000g\000i\000n\000g}{section.6.2}% 166
\BOOKMARK [2][-]{subsection.6.2.3}{\376\377\000T\000h\000i\000r\000d\000-\000P\000a\000r\000t\000y\000\040\000A\000P\000I\000\040\000I\000n\000t\000e\000g\000r\000a\000t\000i\000o\000n}{section.6.2}% 167
\BOOKMARK [2][-]{subsection.6.2.4}{\376\377\000D\000e\000s\000i\000g\000n\000i\000n\000g\000\040\000f\000o\000r\000\040\000I\000d\000e\000m\000p\000o\000t\000e\000n\000c\000y\000\040\000a\000n\000d\000\040\000E\000x\000a\000c\000t\000l\000y\000-\000O\000n\000c\000e\000\040\000S\000e\000m\000a\000n\000t\000i\000c\000s}{section.6.2}% 168
\BOOKMARK [2][-]{subsection.6.2.5}{\376\377\000I\000n\000f\000r\000a\000s\000t\000r\000u\000c\000t\000u\000r\000e\000\040\000a\000n\000d\000\040\000D\000e\000v\000O\000p\000s}{section.6.2}% 169
\BOOKMARK [2][-]{subsection.6.2.6}{\376\377\000T\000e\000a\000m\000\040\000C\000o\000l\000l\000a\000b\000o\000r\000a\000t\000i\000o\000n\000\040\000a\000n\000d\000\040\000V\000e\000r\000s\000i\000o\000n\000\040\000C\000o\000n\000t\000r\000o\000l}{section.6.2}% 170
\BOOKMARK [1][-]{section.6.3}{\376\377\000C\000o\000n\000c\000l\000u\000s\000i\000o\000n\000s}{chapter.6}% 171
\BOOKMARK [2][-]{subsection.6.3.1}{\376\377\000W\000h\000a\000t\000\040\000W\000a\000s\000\040\000A\000c\000h\000i\000e\000v\000e\000d}{section.6.3}% 172
\BOOKMARK [2][-]{subsection.6.3.2}{\376\377\000K\000e\000y\000\040\000I\000n\000n\000o\000v\000a\000t\000i\000o\000n\000s}{section.6.3}% 173
\BOOKMARK [2][-]{subsection.6.3.3}{\376\377\000L\000i\000m\000i\000t\000a\000t\000i\000o\000n\000s\000\040\000A\000c\000k\000n\000o\000w\000l\000e\000d\000g\000e\000d}{section.6.3}% 174
\BOOKMARK [2][-]{subsection.6.3.4}{\376\377\000V\000a\000l\000i\000d\000a\000t\000i\000o\000n\000\040\000A\000g\000a\000i\000n\000s\000t\000\040\000O\000b\000j\000e\000c\000t\000i\000v\000e\000s}{section.6.3}% 175
\BOOKMARK [1][-]{section.6.4}{\376\377\000F\000u\000t\000u\000r\000e\000\040\000W\000o\000r\000k}{chapter.6}% 176
\BOOKMARK [2][-]{subsection.6.4.1}{\376\377\000M\000i\000c\000r\000o\000s\000e\000r\000v\000i\000c\000e\000s\000\040\000E\000x\000t\000r\000a\000c\000t\000i\000o\000n}{section.6.4}% 177
\BOOKMARK [2][-]{subsection.6.4.2}{\376\377\000W\000e\000b\000S\000o\000c\000k\000e\000t\000-\000B\000a\000s\000e\000d\000\040\000R\000e\000a\000l\000-\000T\000i\000m\000e\000\040\000F\000e\000a\000t\000u\000r\000e\000s}{section.6.4}% 178
\BOOKMARK [2][-]{subsection.6.4.3}{\376\377\000R\000e\000d\000i\000s\000-\000B\000a\000c\000k\000e\000d\000\040\000D\000i\000s\000t\000r\000i\000b\000u\000t\000e\000d\000\040\000R\000a\000t\000e\000\040\000L\000i\000m\000i\000t\000i\000n\000g}{section.6.4}% 179
\BOOKMARK [2][-]{subsection.6.4.4}{\376\377\000O\000A\000u\000t\000h\0002\000\040\000S\000o\000c\000i\000a\000l\000\040\000L\000o\000g\000i\000n}{section.6.4}% 180
\BOOKMARK [2][-]{subsection.6.4.5}{\376\377\000C\000o\000u\000r\000s\000e\000\040\000R\000e\000c\000o\000m\000m\000e\000n\000d\000a\000t\000i\000o\000n\000\040\000E\000n\000g\000i\000n\000e}{section.6.4}% 181
\BOOKMARK [2][-]{subsection.6.4.6}{\376\377\000M\000u\000l\000t\000i\000-\000T\000e\000n\000a\000n\000t\000\040\000S\000u\000p\000p\000o\000r\000t}{section.6.4}% 182
\BOOKMARK [2][-]{subsection.6.4.7}{\376\377\000C\000e\000r\000t\000i\000f\000i\000c\000a\000t\000e\000\040\000B\000l\000o\000c\000k\000c\000h\000a\000i\000n\000\040\000V\000e\000r\000i\000f\000i\000c\000a\000t\000i\000o\000n}{section.6.4}% 183
\BOOKMARK [2][-]{subsection.6.4.8}{\376\377\000M\000o\000b\000i\000l\000e\000\040\000P\000u\000s\000h\000\040\000N\000o\000t\000i\000f\000i\000c\000a\000t\000i\000o\000n\000s}{section.6.4}% 184
\BOOKMARK [2][-]{subsection.6.4.9}{\376\377\000R\000e\000a\000c\000t\000/\000N\000e\000x\000t\000.\000j\000s\000\040\000F\000r\000o\000n\000t\000e\000n\000d}{section.6.4}% 185
\BOOKMARK [2][-]{subsection.6.4.10}{\376\377\000G\000r\000a\000p\000h\000Q\000L\000\040\000A\000P\000I\000\040\000L\000a\000y\000e\000r}{section.6.4}% 186
\BOOKMARK [0][-]{section*.75}{\376\377\000R\000e\000f\000e\000r\000e\000n\000c\000e\000s}{}% 187
\BOOKMARK [0][-]{appendix.A}{\376\377\000D\000e\000v\000e\000l\000o\000p\000m\000e\000n\000t\000\040\000P\000l\000a\000t\000f\000o\000r\000m\000s\000\040\000a\000n\000d\000\040\000T\000o\000o\000l\000s}{}% 188
\BOOKMARK [1][-]{section.A.1}{\376\377\000H\000a\000r\000d\000w\000a\000r\000e\000\040\000P\000l\000a\000t\000f\000o\000r\000m\000s}{appendix.A}% 189
\BOOKMARK [2][-]{subsection.A.1.1}{\376\377\000D\000e\000v\000e\000l\000o\000p\000m\000e\000n\000t\000\040\000M\000a\000c\000h\000i\000n\000e\000s}{section.A.1}% 190
\BOOKMARK [2][-]{subsection.A.1.2}{\376\377\000D\000e\000p\000l\000o\000y\000m\000e\000n\000t\000\040\000S\000e\000r\000v\000e\000r\000\040\000S\000p\000e\000c\000i\000f\000i\000c\000a\000t\000i\000o\000n\000s}{section.A.1}% 191
\BOOKMARK [1][-]{section.A.2}{\376\377\000S\000o\000f\000t\000w\000a\000r\000e\000\040\000T\000o\000o\000l\000s}{appendix.A}% 192
\BOOKMARK [2][-]{subsection.A.2.1}{\376\377\000N\000o\000d\000e\000.\000j\000s\000\040\0002\0002\000\040\000a\000n\000d\000\040\000N\000e\000s\000t\000J\000S\000\040\0001\0001}{section.A.2}% 193
\BOOKMARK [2][-]{subsection.A.2.2}{\376\377\000P\000o\000s\000t\000g\000r\000e\000S\000Q\000L\000\040\0001\0006}{section.A.2}% 194
\BOOKMARK [2][-]{subsection.A.2.3}{\376\377\000P\000r\000i\000s\000m\000a\000\040\000O\000R\000M\000\040\0006}{section.A.2}% 195
\BOOKMARK [2][-]{subsection.A.2.4}{\376\377\000R\000e\000d\000i\000s\000\040\0007}{section.A.2}% 196
\BOOKMARK [2][-]{subsection.A.2.5}{\376\377\000D\000o\000c\000k\000e\000r\000\040\000a\000n\000d\000\040\000D\000o\000c\000k\000e\000r\000\040\000C\000o\000m\000p\000o\000s\000e}{section.A.2}% 197
\BOOKMARK [2][-]{subsection.A.2.6}{\376\377\000S\000t\000r\000i\000p\000e\000\040\000A\000P\000I}{section.A.2}% 198
\BOOKMARK [2][-]{subsection.A.2.7}{\376\377\000M\000u\000x\000\040\000V\000i\000d\000e\000o\000\040\000A\000P\000I}{section.A.2}% 199
\BOOKMARK [2][-]{subsection.A.2.8}{\376\377\000A\000W\000S\000\040\000S\0003}{section.A.2}% 200
\BOOKMARK [2][-]{subsection.A.2.9}{\376\377\000R\000e\000s\000e\000n\000d\000\040\000E\000m\000a\000i\000l\000\040\000S\000e\000r\000v\000i\000c\000e}{section.A.2}% 201
\BOOKMARK [2][-]{subsection.A.2.10}{\376\377\000J\000e\000s\000t\000\040\000a\000n\000d\000\040\000T\000e\000s\000t\000c\000o\000n\000t\000a\000i\000n\000e\000r\000s}{section.A.2}% 202
\BOOKMARK [2][-]{subsection.A.2.11}{\376\377\000S\000w\000a\000g\000g\000e\000r\000/\000O\000p\000e\000n\000A\000P\000I}{section.A.2}% 203
\BOOKMARK [0][-]{appendix.B}{\376\377\000U\000s\000e\000\040\000C\000a\000s\000e\000s}{}% 204
\BOOKMARK [1][-]{section.B.1}{\376\377\000U\000s\000e\000\040\000C\000a\000s\000e\000\040\000D\000e\000s\000c\000r\000i\000p\000t\000i\000o\000n\000s}{appendix.B}% 205
\BOOKMARK [2][-]{subsection.B.1.1}{\376\377\000U\000C\000-\0000\0001\000:\000\040\000S\000t\000u\000d\000e\000n\000t\000\040\000S\000i\000g\000n\000u\000p\000\040\000a\000n\000d\000\040\000E\000m\000a\000i\000l\000\040\000V\000e\000r\000i\000f\000i\000c\000a\000t\000i\000o\000n}{section.B.1}% 206
\BOOKMARK [2][-]{subsection.B.1.2}{\376\377\000U\000C\000-\0000\0002\000:\000\040\000I\000n\000s\000t\000r\000u\000c\000t\000o\000r\000\040\000C\000o\000u\000r\000s\000e\000\040\000C\000r\000e\000a\000t\000i\000o\000n\000\040\000a\000n\000d\000\040\000P\000u\000b\000l\000i\000s\000h\000i\000n\000g}{section.B.1}% 207
\BOOKMARK [2][-]{subsection.B.1.3}{\376\377\000U\000C\000-\0000\0003\000:\000\040\000S\000t\000u\000d\000e\000n\000t\000\040\000E\000n\000r\000o\000l\000l\000m\000e\000n\000t\000\040\000i\000n\000\040\000P\000a\000i\000d\000\040\000C\000o\000u\000r\000s\000e}{section.B.1}% 208
\BOOKMARK [2][-]{subsection.B.1.4}{\376\377\000U\000C\000-\0000\0004\000:\000\040\000V\000i\000d\000e\000o\000\040\000U\000p\000l\000o\000a\000d\000\040\000a\000n\000d\000\040\000A\000I\000\040\000Q\000u\000i\000z\000\040\000G\000e\000n\000e\000r\000a\000t\000i\000o\000n}{section.B.1}% 209
\BOOKMARK [2][-]{subsection.B.1.5}{\376\377\000U\000C\000-\0000\0005\000:\000\040\000S\000t\000u\000d\000e\000n\000t\000\040\000T\000a\000k\000e\000s\000\040\000Q\000u\000i\000z\000\040\000A\000t\000t\000e\000m\000p\000t}{section.B.1}% 210
\BOOKMARK [2][-]{subsection.B.1.6}{\376\377\000U\000C\000-\0000\0006\000:\000\040\000I\000n\000s\000t\000r\000u\000c\000t\000o\000r\000\040\000R\000e\000v\000i\000e\000w\000s\000\040\000A\000I\000-\000G\000e\000n\000e\000r\000a\000t\000e\000d\000\040\000Q\000u\000i\000z}{section.B.1}% 211
\BOOKMARK [2][-]{subsection.B.1.7}{\376\377\000U\000C\000-\0000\0007\000:\000\040\000S\000t\000u\000d\000e\000n\000t\000\040\000W\000a\000t\000c\000h\000e\000s\000\040\000V\000i\000d\000e\000o\000\040\000w\000i\000t\000h\000\040\000P\000r\000o\000g\000r\000e\000s\000s\000\040\000T\000r\000a\000c\000k\000i\000n\000g}{section.B.1}% 212
\BOOKMARK [2][-]{subsection.B.1.8}{\376\377\000U\000C\000-\0000\0008\000:\000\040\000D\000i\000s\000c\000u\000s\000s\000i\000o\000n\000\040\000T\000h\000r\000e\000a\000d\000\040\000C\000r\000e\000a\000t\000i\000o\000n\000\040\000a\000n\000d\000\040\000I\000n\000s\000t\000r\000u\000c\000t\000o\000r\000\040\000R\000e\000p\000l\000y}{section.B.1}% 213
\BOOKMARK [2][-]{subsection.B.1.9}{\376\377\000U\000C\000-\0000\0009\000:\000\040\000C\000e\000r\000t\000i\000f\000i\000c\000a\000t\000e\000\040\000G\000e\000n\000e\000r\000a\000t\000i\000o\000n\000\040\000A\000f\000t\000e\000r\000\040\000C\000o\000u\000r\000s\000e\000\040\000C\000o\000m\000p\000l\000e\000t\000i\000o\000n}{section.B.1}% 214
\BOOKMARK [2][-]{subsection.B.1.10}{\376\377\000U\000C\000-\0001\0000\000:\000\040\000I\000n\000s\000t\000r\000u\000c\000t\000o\000r\000\040\000V\000i\000e\000w\000s\000\040\000R\000e\000v\000e\000n\000u\000e\000\040\000A\000n\000a\000l\000y\000t\000i\000c\000s\000\040\000D\000a\000s\000h\000b\000o\000a\000r\000d}{section.B.1}% 215
\BOOKMARK [0][-]{appendix.C}{\376\377\000U\000s\000e\000r\000\040\000G\000u\000i\000d\000e}{}% 216
\BOOKMARK [1][-]{section.C.1}{\376\377\000A\000P\000I\000\040\000A\000u\000t\000h\000e\000n\000t\000i\000c\000a\000t\000i\000o\000n\000\040\000G\000u\000i\000d\000e}{appendix.C}% 217
\BOOKMARK [2][-]{subsection.C.1.1}{\376\377\000O\000b\000t\000a\000i\000n\000i\000n\000g\000\040\000J\000W\000T\000\040\000T\000o\000k\000e\000n\000s}{section.C.1}% 218
\BOOKMARK [2][-]{subsection.C.1.2}{\376\377\000T\000o\000k\000e\000n\000\040\000S\000t\000o\000r\000a\000g\000e\000\040\000B\000e\000s\000t\000\040\000P\000r\000a\000c\000t\000i\000c\000e\000s}{section.C.1}% 219
\BOOKMARK [1][-]{section.C.2}{\376\377\000I\000n\000s\000t\000r\000u\000c\000t\000o\000r\000\040\000G\000u\000i\000d\000e}{appendix.C}% 220
\BOOKMARK [2][-]{subsection.C.2.1}{\376\377\000C\000r\000e\000a\000t\000i\000n\000g\000\040\000a\000\040\000C\000o\000u\000r\000s\000e}{section.C.2}% 221
\BOOKMARK [2][-]{subsection.C.2.2}{\376\377\000A\000d\000d\000i\000n\000g\000\040\000M\000o\000d\000u\000l\000e\000s\000\040\000a\000n\000d\000\040\000L\000e\000s\000s\000o\000n\000s}{section.C.2}% 222
\BOOKMARK [2][-]{subsection.C.2.3}{\376\377\000U\000p\000l\000o\000a\000d\000i\000n\000g\000\040\000V\000i\000d\000e\000o\000s}{section.C.2}% 223
\BOOKMARK [2][-]{subsection.C.2.4}{\376\377\000M\000a\000n\000a\000g\000i\000n\000g\000\040\000A\000I\000-\000G\000e\000n\000e\000r\000a\000t\000e\000d\000\040\000Q\000u\000i\000z\000z\000e\000s}{section.C.2}% 224
\BOOKMARK [1][-]{section.C.3}{\376\377\000S\000t\000u\000d\000e\000n\000t\000\040\000G\000u\000i\000d\000e}{appendix.C}% 225
\BOOKMARK [2][-]{subsection.C.3.1}{\376\377\000E\000n\000r\000o\000l\000l\000i\000n\000g\000\040\000i\000n\000\040\000a\000\040\000C\000o\000u\000r\000s\000e}{section.C.3}% 226
\BOOKMARK [2][-]{subsection.C.3.2}{\376\377\000W\000a\000t\000c\000h\000i\000n\000g\000\040\000L\000e\000s\000s\000o\000n\000s\000\040\000a\000n\000d\000\040\000T\000r\000a\000c\000k\000i\000n\000g\000\040\000P\000r\000o\000g\000r\000e\000s\000s}{section.C.3}% 227
\BOOKMARK [2][-]{subsection.C.3.3}{\376\377\000T\000a\000k\000i\000n\000g\000\040\000Q\000u\000i\000z\000z\000e\000s}{section.C.3}% 228
\BOOKMARK [2][-]{subsection.C.3.4}{\376\377\000D\000i\000s\000c\000u\000s\000s\000i\000o\000n}{section.C.3}% 229
\BOOKMARK [1][-]{section.C.4}{\376\377\000A\000d\000m\000i\000n\000\040\000G\000u\000i\000d\000e}{appendix.C}% 230
\BOOKMARK [2][-]{subsection.C.4.1}{\376\377\000M\000a\000n\000a\000g\000i\000n\000g\000\040\000C\000a\000t\000e\000g\000o\000r\000i\000e\000s}{section.C.4}% 231
\BOOKMARK [2][-]{subsection.C.4.2}{\376\377\000V\000i\000e\000w\000i\000n\000g\000\040\000A\000u\000d\000i\000t\000\040\000L\000o\000g\000s}{section.C.4}% 232
\BOOKMARK [2][-]{subsection.C.4.3}{\376\377\000M\000a\000n\000a\000g\000i\000n\000g\000\040\000I\000n\000s\000t\000r\000u\000c\000t\000o\000r\000\040\000A\000p\000p\000l\000i\000c\000a\000t\000i\000o\000n\000s}{section.C.4}% 233
\BOOKMARK [0][-]{appendix.D}{\376\377\000C\000o\000d\000e\000\040\000D\000o\000c\000u\000m\000e\000n\000t\000a\000t\000i\000o\000n}{}% 234
\BOOKMARK [1][-]{section.D.1}{\376\377\000K\000e\000y\000\040\000D\000e\000s\000i\000g\000n\000\040\000P\000a\000t\000t\000e\000r\000n\000s}{appendix.D}% 235
\BOOKMARK [2][-]{subsection.D.1.1}{\376\377\000T\000r\000a\000n\000s\000a\000c\000t\000i\000o\000n\000a\000l\000\040\000O\000u\000t\000b\000o\000x\000\040\000P\000u\000b\000l\000i\000s\000h\000e\000r}{section.D.1}% 236
\BOOKMARK [2][-]{subsection.D.1.2}{\376\377\000P\000r\000o\000j\000e\000c\000t\000i\000o\000n\000\040\000E\000v\000e\000n\000t\000\040\000L\000e\000d\000g\000e\000r\000\040\000f\000o\000r\000\040\000I\000d\000e\000m\000p\000o\000t\000e\000n\000c\000y}{section.D.1}% 237
\BOOKMARK [2][-]{subsection.D.1.3}{\376\377\000O\000p\000t\000i\000m\000i\000s\000t\000i\000c\000\040\000C\000o\000n\000c\000u\000r\000r\000e\000n\000c\000y\000\040\000U\000t\000i\000l\000i\000t\000y}{section.D.1}% 238
\BOOKMARK [1][-]{section.D.2}{\376\377\000D\000o\000m\000a\000i\000n\000\040\000E\000n\000t\000i\000t\000y\000\040\000D\000e\000s\000i\000g\000n}{appendix.D}% 239
\BOOKMARK [1][-]{section.D.3}{\376\377\000U\000s\000e\000\040\000C\000a\000s\000e\000\040\000S\000t\000r\000u\000c\000t\000u\000r\000e}{appendix.D}% 240
\BOOKMARK [0][-]{appendix.E}{\376\377\000F\000e\000a\000s\000i\000b\000i\000l\000i\000t\000y\000\040\000S\000t\000u\000d\000y}{}% 241
\BOOKMARK [1][-]{section.E.1}{\376\377\000T\000e\000c\000h\000n\000i\000c\000a\000l\000\040\000F\000e\000a\000s\000i\000b\000i\000l\000i\000t\000y}{appendix.E}% 242
\BOOKMARK [1][-]{section.E.2}{\376\377\000O\000p\000e\000r\000a\000t\000i\000o\000n\000a\000l\000\040\000F\000e\000a\000s\000i\000b\000i\000l\000i\000t\000y}{appendix.E}% 243
\BOOKMARK [1][-]{section.E.3}{\376\377\000E\000c\000o\000n\000o\000m\000i\000c\000\040\000F\000e\000a\000s\000i\000b\000i\000l\000i\000t\000y}{appendix.E}% 244
\BOOKMARK [2][-]{subsection.E.3.1}{\376\377\000D\000e\000v\000e\000l\000o\000p\000m\000e\000n\000t\000\040\000C\000o\000s\000t\000s}{section.E.3}% 245
\BOOKMARK [2][-]{subsection.E.3.2}{\376\377\000P\000r\000o\000d\000u\000c\000t\000i\000o\000n\000\040\000I\000n\000f\000r\000a\000s\000t\000r\000u\000c\000t\000u\000r\000e\000\040\000C\000o\000s\000t\000s}{section.E.3}% 246
\BOOKMARK [2][-]{subsection.E.3.3}{\376\377\000L\000i\000c\000e\000n\000s\000i\000n\000g}{section.E.3}% 247
\BOOKMARK [1][-]{section.E.4}{\376\377\000S\000c\000h\000e\000d\000u\000l\000e\000\040\000F\000e\000a\000s\000i\000b\000i\000l\000i\000t\000y}{appendix.E}% 248
\BOOKMARK [1][-]{section.E.5}{\376\377\000R\000i\000s\000k\000\040\000A\000n\000a\000l\000y\000s\000i\000s}{appendix.E}% 249
